// Jest Snapshot v1, https://goo.gl/fbAQLP

exports[`<App /> should render App component without crashing 1`] = `
<div
  className="App"
>
  <section>
    <Card>
      <SelectTime
        pickerChange={[Function]}
        timeVal={null}
      />
    </Card>
  </section>
</div>
`;
